../Core/Src/Sensor/LidarReader.cpp:4:1:LidarReader::LidarReader()	16	static
../Core/Src/Sensor/LidarReader.cpp:9:6:void LidarReader::resetBuffers()	16	static
../Core/Src/Sensor/LidarReader.cpp:15:6:void LidarReader::init()	24	static
../Core/Src/Sensor/LidarReader.cpp:22:6:void LidarReader::onUartReceiveComplete()	24	static
../Core/Src/Sensor/LidarReader.cpp:64:7:float LidarReader::decodeAngle(uint8_t, uint8_t)	24	static
../Core/Src/Sensor/LidarReader.cpp:68:6:void LidarReader::processData()	48	static
../Core/Src/Sensor/LidarReader.cpp:106:6:bool LidarReader::isAngleInCurrentFrame(float)	24	static
../Core/Src/Sensor/LidarReader.cpp:123:10:uint16_t LidarReader::getDistanceAtAngle(float)	24	static
../Core/Src/Sensor/LidarReader.cpp:137:6:void LidarReader::FindLargestDis_AngleInRange(float*, float*, float, float)	48	static
../Core/Src/Sensor/LidarReader.cpp:194:6:void LidarReader::FindSmallestDis_Angle(float*, float*)	48	static
../Core/Src/Sensor/LidarReader.cpp:216:6:void LidarReader::CalculateXYcoord(float, float, float*, float*)	56	static
../Core/Src/Sensor/LidarReader.cpp:224:6:void LidarReader::localize()	16	static
