../Core/Src/Sensor/SSD1306_SoftwareI2C.cpp:103:1:SSD1306_SoftwareI2C::SSD1306_SoftwareI2C(GPIO_TypeDef*, uint16_t, GPIO_TypeDef*, uint16_t)	24	static
../Core/Src/Sensor/SSD1306_SoftwareI2C.cpp:109:6:void SSD1306_SoftwareI2C::i2cDelay()	24	static,ignoring_inline_asm
../Core/Src/Sensor/SSD1306_SoftwareI2C.cpp:114:6:void SSD1306_SoftwareI2C::i2cStart()	16	static
../Core/Src/Sensor/SSD1306_SoftwareI2C.cpp:124:6:void SSD1306_SoftwareI2C::i2cStop()	16	static
../Core/Src/Sensor/SSD1306_SoftwareI2C.cpp:132:6:bool SSD1306_SoftwareI2C::i2cWriteByte(uint8_t)	24	static
../Core/Src/Sensor/SSD1306_SoftwareI2C.cpp:157:6:void SSD1306_SoftwareI2C::sendCommand(uint8_t)	16	static
../Core/Src/Sensor/SSD1306_SoftwareI2C.cpp:165:6:void SSD1306_SoftwareI2C::sendData(uint8_t*, uint16_t)	32	static
../Core/Src/Sensor/SSD1306_SoftwareI2C.cpp:175:6:void SSD1306_SoftwareI2C::init()	16	static
../Core/Src/Sensor/SSD1306_SoftwareI2C.cpp:211:6:void SSD1306_SoftwareI2C::clearBuffer()	24	static
../Core/Src/Sensor/SSD1306_SoftwareI2C.cpp:217:6:void SSD1306_SoftwareI2C::displayBuffer()	24	static
../Core/Src/Sensor/SSD1306_SoftwareI2C.cpp:226:6:void SSD1306_SoftwareI2C::setPixel(uint8_t, uint8_t, bool)	24	static
../Core/Src/Sensor/SSD1306_SoftwareI2C.cpp:237:6:void SSD1306_SoftwareI2C::drawChar(uint8_t, uint8_t, char)	24	static
../Core/Src/Sensor/SSD1306_SoftwareI2C.cpp:250:6:void SSD1306_SoftwareI2C::drawText(uint8_t, uint8_t, const char*)	24	static
